// Jest Snapshot v1, https://goo.gl/fbAQLP

exports[`Snapshot test renders correctly 1`] = `
Object {
  "asFragment": [Function],
  "baseElement": <body>
    <div>
      <div
        class="sc-gsDKAQ fHwsMH"
      >
        <div
          class="order-id"
        >
          <div>
            <p
              class="order-label"
            >
              Pedido
            </p>
            <p
              class="order-product-id"
              data-testid="customer_orders__element-order-id-1"
            >
              1
            </p>
          </div>
        </div>
        <div
          class="order-info"
        >
          <div
            class="order-info-basic"
          >
            <div
              class="order-info-basic-mcontainer"
            >
              <div
                class="sc-bdvvtL aSatC"
                type="delivered"
              >
                <span
                  data-testid="customer_orders__element-delivery-status-1"
                >
                  ENTREGUE
                </span>
              </div>
            </div>
            <div
              class="order-info-basic-mcontainer"
            >
              <div
                class="order-info-badges"
              >
                <div
                  class="info-badge"
                  data-testid="customer_orders__element-order-date-1"
                >
                  20012020
                </div>
                <div
                  class="info-badge"
                  data-testid=""
                >
                  R$ 2.00
                </div>
              </div>
            </div>
          </div>
          <div
            class="order-info-adress"
            data-testid=""
          >
            Rua X
          </div>
        </div>
      </div>
    </div>
  </body>,
  "container": <div>
    <div
      class="sc-gsDKAQ fHwsMH"
    >
      <div
        class="order-id"
      >
        <div>
          <p
            class="order-label"
          >
            Pedido
          </p>
          <p
            class="order-product-id"
            data-testid="customer_orders__element-order-id-1"
          >
            1
          </p>
        </div>
      </div>
      <div
        class="order-info"
      >
        <div
          class="order-info-basic"
        >
          <div
            class="order-info-basic-mcontainer"
          >
            <div
              class="sc-bdvvtL aSatC"
              type="delivered"
            >
              <span
                data-testid="customer_orders__element-delivery-status-1"
              >
                ENTREGUE
              </span>
            </div>
          </div>
          <div
            class="order-info-basic-mcontainer"
          >
            <div
              class="order-info-badges"
            >
              <div
                class="info-badge"
                data-testid="customer_orders__element-order-date-1"
              >
                20012020
              </div>
              <div
                class="info-badge"
                data-testid=""
              >
                R$ 2.00
              </div>
            </div>
          </div>
        </div>
        <div
          class="order-info-adress"
          data-testid=""
        >
          Rua X
        </div>
      </div>
    </div>
  </div>,
  "debug": [Function],
  "findAllByAltText": [Function],
  "findAllByDisplayValue": [Function],
  "findAllByLabelText": [Function],
  "findAllByPlaceholderText": [Function],
  "findAllByRole": [Function],
  "findAllByTestId": [Function],
  "findAllByText": [Function],
  "findAllByTitle": [Function],
  "findByAltText": [Function],
  "findByDisplayValue": [Function],
  "findByLabelText": [Function],
  "findByPlaceholderText": [Function],
  "findByRole": [Function],
  "findByTestId": [Function],
  "findByText": [Function],
  "findByTitle": [Function],
  "getAllByAltText": [Function],
  "getAllByDisplayValue": [Function],
  "getAllByLabelText": [Function],
  "getAllByPlaceholderText": [Function],
  "getAllByRole": [Function],
  "getAllByTestId": [Function],
  "getAllByText": [Function],
  "getAllByTitle": [Function],
  "getByAltText": [Function],
  "getByDisplayValue": [Function],
  "getByLabelText": [Function],
  "getByPlaceholderText": [Function],
  "getByRole": [Function],
  "getByTestId": [Function],
  "getByText": [Function],
  "getByTitle": [Function],
  "queryAllByAltText": [Function],
  "queryAllByDisplayValue": [Function],
  "queryAllByLabelText": [Function],
  "queryAllByPlaceholderText": [Function],
  "queryAllByRole": [Function],
  "queryAllByTestId": [Function],
  "queryAllByText": [Function],
  "queryAllByTitle": [Function],
  "queryByAltText": [Function],
  "queryByDisplayValue": [Function],
  "queryByLabelText": [Function],
  "queryByPlaceholderText": [Function],
  "queryByRole": [Function],
  "queryByTestId": [Function],
  "queryByText": [Function],
  "queryByTitle": [Function],
  "rerender": [Function],
  "unmount": [Function],
}
`;
